[2026-05-19 14:53:46] Python: /home/shizheng/miniconda3/envs/ofw/bin/python
2026-05-19 14:53:47.213210: E external/local_xla/xla/stream_executor/cuda/cuda_dnn.cc:9261] Unable to register cuDNN factory: Attempting to register factory for plugin cuDNN when one has already been registered
2026-05-19 14:53:47.213240: E external/local_xla/xla/stream_executor/cuda/cuda_fft.cc:607] Unable to register cuFFT factory: Attempting to register factory for plugin cuFFT when one has already been registered
2026-05-19 14:53:47.214207: E external/local_xla/xla/stream_executor/cuda/cuda_blas.cc:1515] Unable to register cuBLAS factory: Attempting to register factory for plugin cuBLAS when one has already been registered
2026-05-19 14:53:47.218789: I tensorflow/core/platform/cpu_feature_guard.cc:182] This TensorFlow binary is optimized to use available CPU instructions in performance-critical operations.
To enable the following instructions: AVX2 FMA, in other operations, rebuild TensorFlow with the appropriate compiler flags.
2026-05-19 14:53:47.736309: W tensorflow/compiler/tf2tensorrt/utils/py_utils.cc:38] TF-TRT Warning: Could not find TensorRT
2026-05-19 14:53:48.190533: I external/local_xla/xla/stream_executor/cuda/cuda_executor.cc:901] successful NUMA node read from SysFS had negative value (-1), but there must be at least one NUMA node, so returning NUMA node zero. See more at https://github.com/torvalds/linux/blob/v6.0/Documentation/ABI/testing/sysfs-bus-pci#L344-L355
2026-05-19 14:53:48.190734: I external/local_xla/xla/stream_executor/cuda/cuda_executor.cc:901] successful NUMA node read from SysFS had negative value (-1), but there must be at least one NUMA node, so returning NUMA node zero. See more at https://github.com/torvalds/linux/blob/v6.0/Documentation/ABI/testing/sysfs-bus-pci#L344-L355
2026-05-19 14:53:48.240654: I external/local_xla/xla/stream_executor/cuda/cuda_executor.cc:901] successful NUMA node read from SysFS had negative value (-1), but there must be at least one NUMA node, so returning NUMA node zero. See more at https://github.com/torvalds/linux/blob/v6.0/Documentation/ABI/testing/sysfs-bus-pci#L344-L355
2026-05-19 14:53:48.240891: I external/local_xla/xla/stream_executor/cuda/cuda_executor.cc:901] successful NUMA node read from SysFS had negative value (-1), but there must be at least one NUMA node, so returning NUMA node zero. See more at https://github.com/torvalds/linux/blob/v6.0/Documentation/ABI/testing/sysfs-bus-pci#L344-L355
2026-05-19 14:53:48.241063: I external/local_xla/xla/stream_executor/cuda/cuda_executor.cc:901] successful NUMA node read from SysFS had negative value (-1), but there must be at least one NUMA node, so returning NUMA node zero. See more at https://github.com/torvalds/linux/blob/v6.0/Documentation/ABI/testing/sysfs-bus-pci#L344-L355
2026-05-19 14:53:48.241225: I external/local_xla/xla/stream_executor/cuda/cuda_executor.cc:901] successful NUMA node read from SysFS had negative value (-1), but there must be at least one NUMA node, so returning NUMA node zero. See more at https://github.com/torvalds/linux/blob/v6.0/Documentation/ABI/testing/sysfs-bus-pci#L344-L355
[2026-05-19 14:53:48] TF visible GPUs: 2
[2026-05-19 14:53:48] ========== Starting train_stage1 ==========
2026-05-19 14:53:48.841749: E external/local_xla/xla/stream_executor/cuda/cuda_dnn.cc:9261] Unable to register cuDNN factory: Attempting to register factory for plugin cuDNN when one has already been registered
2026-05-19 14:53:48.841783: E external/local_xla/xla/stream_executor/cuda/cuda_fft.cc:607] Unable to register cuFFT factory: Attempting to register factory for plugin cuFFT when one has already been registered
2026-05-19 14:53:48.842770: E external/local_xla/xla/stream_executor/cuda/cuda_blas.cc:1515] Unable to register cuBLAS factory: Attempting to register factory for plugin cuBLAS when one has already been registered
2026-05-19 14:53:48.847488: I tensorflow/core/platform/cpu_feature_guard.cc:182] This TensorFlow binary is optimized to use available CPU instructions in performance-critical operations.
To enable the following instructions: AVX2 FMA, in other operations, rebuild TensorFlow with the appropriate compiler flags.
2026-05-19 14:53:49.393097: W tensorflow/compiler/tf2tensorrt/utils/py_utils.cc:38] TF-TRT Warning: Could not find TensorRT
2026-05-19 14:53:50.185288: I external/local_xla/xla/stream_executor/cuda/cuda_executor.cc:901] successful NUMA node read from SysFS had negative value (-1), but there must be at least one NUMA node, so returning NUMA node zero. See more at https://github.com/torvalds/linux/blob/v6.0/Documentation/ABI/testing/sysfs-bus-pci#L344-L355
2026-05-19 14:53:50.234932: I external/local_xla/xla/stream_executor/cuda/cuda_executor.cc:901] successful NUMA node read from SysFS had negative value (-1), but there must be at least one NUMA node, so returning NUMA node zero. See more at https://github.com/torvalds/linux/blob/v6.0/Documentation/ABI/testing/sysfs-bus-pci#L344-L355
2026-05-19 14:53:50.235168: I external/local_xla/xla/stream_executor/cuda/cuda_executor.cc:901] successful NUMA node read from SysFS had negative value (-1), but there must be at least one NUMA node, so returning NUMA node zero. See more at https://github.com/torvalds/linux/blob/v6.0/Documentation/ABI/testing/sysfs-bus-pci#L344-L355
2026-05-19 14:53:50.237071: I external/local_xla/xla/stream_executor/cuda/cuda_executor.cc:901] successful NUMA node read from SysFS had negative value (-1), but there must be at least one NUMA node, so returning NUMA node zero. See more at https://github.com/torvalds/linux/blob/v6.0/Documentation/ABI/testing/sysfs-bus-pci#L344-L355
2026-05-19 14:53:50.237262: I external/local_xla/xla/stream_executor/cuda/cuda_executor.cc:901] successful NUMA node read from SysFS had negative value (-1), but there must be at least one NUMA node, so returning NUMA node zero. See more at https://github.com/torvalds/linux/blob/v6.0/Documentation/ABI/testing/sysfs-bus-pci#L344-L355
2026-05-19 14:53:50.237445: I external/local_xla/xla/stream_executor/cuda/cuda_executor.cc:901] successful NUMA node read from SysFS had negative value (-1), but there must be at least one NUMA node, so returning NUMA node zero. See more at https://github.com/torvalds/linux/blob/v6.0/Documentation/ABI/testing/sysfs-bus-pci#L344-L355
2026-05-19 14:53:50.351626: I external/local_xla/xla/stream_executor/cuda/cuda_executor.cc:901] successful NUMA node read from SysFS had negative value (-1), but there must be at least one NUMA node, so returning NUMA node zero. See more at https://github.com/torvalds/linux/blob/v6.0/Documentation/ABI/testing/sysfs-bus-pci#L344-L355
2026-05-19 14:53:50.351849: I external/local_xla/xla/stream_executor/cuda/cuda_executor.cc:901] successful NUMA node read from SysFS had negative value (-1), but there must be at least one NUMA node, so returning NUMA node zero. See more at https://github.com/torvalds/linux/blob/v6.0/Documentation/ABI/testing/sysfs-bus-pci#L344-L355
2026-05-19 14:53:50.352038: I external/local_xla/xla/stream_executor/cuda/cuda_executor.cc:901] successful NUMA node read from SysFS had negative value (-1), but there must be at least one NUMA node, so returning NUMA node zero. See more at https://github.com/torvalds/linux/blob/v6.0/Documentation/ABI/testing/sysfs-bus-pci#L344-L355
2026-05-19 14:53:50.352192: I tensorflow/core/common_runtime/gpu/gpu_device.cc:1929] Created device /job:localhost/replica:0/task:0/device:GPU:0 with 7861 MB memory:  -> device: 0, name: NVIDIA RTX A6000, pci bus id: 0000:2e:00.0, compute capability: 8.6
2026-05-19 14:53:53.123595: I external/local_xla/xla/stream_executor/cuda/cuda_dnn.cc:454] Loaded cuDNN version 8907
2026-05-19 14:54:05.062593: I external/local_xla/xla/service/service.cc:168] XLA service 0x743c9711d9b0 initialized for platform CUDA (this does not guarantee that XLA will be used). Devices:
2026-05-19 14:54:05.062616: I external/local_xla/xla/service/service.cc:176]   StreamExecutor device (0): NVIDIA RTX A6000, Compute Capability 8.6
2026-05-19 14:54:05.066486: I tensorflow/compiler/mlir/tensorflow/utils/dump_mlir_util.cc:269] disabling MLIR crash reproducer, set env var `MLIR_CRASH_REPRODUCER_DIRECTORY` to enable.
WARNING: All log messages before absl::InitializeLog() is called are written to STDERR
I0000 00:00:1779216845.138148 2803207 device_compiler.h:186] Compiled cluster using XLA!  This line is logged at most once for the lifetime of the process.
Stage 1: Training from scratch for up to 5000 iterations
Batch size: 2560, LR: 0.0005, SNR range: [10, 25]
  Iter 0/5000  Loss: 5.4352E+01  PAR: 0.1032  BCE: 24.8290  Eval BER@20dB: 0.4571
    -> Saved best weights (BER=0.4571)
  Iter 100/5000  Loss: 3.6231E+00  PAR: 0.1280  BCE: 1.2614  Eval BER@20dB: 0.3558
    -> Saved best weights (BER=0.3558)
  Iter 200/5000  Loss: 2.9770E+00  PAR: 0.1113  BCE: 1.1792  Eval BER@20dB: 0.3282
    -> Saved best weights (BER=0.3282)
  Iter 300/5000  Loss: 2.6513E+00  PAR: 0.1001  BCE: 1.8696  Eval BER@20dB: 0.3132
    -> Saved best weights (BER=0.3132)
  Iter 400/5000  Loss: 1.9283E+00  PAR: 0.0836  BCE: 1.4634  Eval BER@20dB: 0.3068
    -> Saved best weights (BER=0.3068)
  Iter 500/5000  Loss: 5.9668E+00  PAR: 0.0770  BCE: 20.6839  Eval BER@20dB: 0.2942
    -> Saved best weights (BER=0.2942)
  Iter 600/5000  Loss: 5.3657E+00  PAR: 0.0794  BCE: 21.8406  Eval BER@20dB: 0.2145
    -> Saved best weights (BER=0.2145)
  Iter 700/5000  Loss: 1.6548E+00  PAR: 0.0774  BCE: 1.3504  Eval BER@20dB: 0.1650
    -> Saved best weights (BER=0.1650)
  Iter 800/5000  Loss: 1.4919E+00  PAR: 0.0437  BCE: 1.9487  Eval BER@20dB: 0.1507
    -> Saved best weights (BER=0.1507)
  Iter 900/5000  Loss: 2.4903E+00  PAR: 0.0339  BCE: 15.7258  Eval BER@20dB: 0.1452
    -> Saved best weights (BER=0.1452)
  Iter 1000/5000  Loss: 3.8301E-01  PAR: 0.0371  BCE: 8.8348  Eval BER@20dB: 0.1971
  Iter 1100/5000  Loss: 1.6479E+00  PAR: 0.0233  BCE: 7.7384  Eval BER@20dB: 0.2711
  Iter 1200/5000  Loss: 3.1080E+00  PAR: 0.0236  BCE: 26.4224  Eval BER@20dB: 0.1645
  Iter 1300/5000  Loss: -9.5858E-01  PAR: 0.0196  BCE: 2.0887  Eval BER@20dB: 0.1690
  Iter 1400/5000  Loss: -8.5811E-01  PAR: 0.0174  BCE: 14.3319  Eval BER@20dB: 0.1747
  Iter 1500/5000  Loss: -3.5111E-01  PAR: 0.0149  BCE: 33.7137  Eval BER@20dB: 0.2015
  Iter 1600/5000  Loss: -2.7461E+00  PAR: 0.0122  BCE: 5.2368  Eval BER@20dB: 0.2135
  Iter 1700/5000  Loss: -3.1114E+00  PAR: 0.0089  BCE: 9.0619  Eval BER@20dB: 0.2151
  Iter 1800/5000  Loss: -3.0464E+00  PAR: 0.0050  BCE: 12.4856  Eval BER@20dB: 0.2269
  Iter 1900/5000  Loss: -2.9230E+00  PAR: 0.0000  BCE: 15.7048  Eval BER@20dB: 0.2148
  Iter 2000/5000  Loss: -3.8372E+00  PAR: 0.0001  BCE: 4.8612  Eval BER@20dB: 0.2050
  Iter 2100/5000  Loss: -3.9492E+00  PAR: 0.0000  BCE: 6.9311  Eval BER@20dB: 0.2092
  Iter 2200/5000  Loss: 4.0202E+01  PAR: 0.0842  BCE: 376.1606  Eval BER@20dB: 0.4694
  Iter 2300/5000  Loss: 2.5949E+00  PAR: 0.0677  BCE: 66.1197  Eval BER@20dB: 0.4062
  Iter 2400/5000  Loss: -3.7832E-02  PAR: 0.0333  BCE: 21.4064  Eval BER@20dB: 0.3970
Early stopping at iter 2400, best BER: 0.1452, best BCE: inf
Stage 1 complete. Best BER@20dB: 0.1452
Weights saved to: weights-qQ_Method_initial
History data saved to: history_stage1.pkl
Training curves saved to: training_curves_stage1.png
[2026-05-19 15:07:09] ========== train_stage1 completed ==========
[2026-05-19 15:07:09] ========== Starting train_stage2 ==========
2026-05-19 15:07:09.372423: E external/local_xla/xla/stream_executor/cuda/cuda_dnn.cc:9261] Unable to register cuDNN factory: Attempting to register factory for plugin cuDNN when one has already been registered
2026-05-19 15:07:09.372450: E external/local_xla/xla/stream_executor/cuda/cuda_fft.cc:607] Unable to register cuFFT factory: Attempting to register factory for plugin cuFFT when one has already been registered
2026-05-19 15:07:09.373421: E external/local_xla/xla/stream_executor/cuda/cuda_blas.cc:1515] Unable to register cuBLAS factory: Attempting to register factory for plugin cuBLAS when one has already been registered
2026-05-19 15:07:09.377920: I tensorflow/core/platform/cpu_feature_guard.cc:182] This TensorFlow binary is optimized to use available CPU instructions in performance-critical operations.
To enable the following instructions: AVX2 FMA, in other operations, rebuild TensorFlow with the appropriate compiler flags.
2026-05-19 15:07:09.903878: W tensorflow/compiler/tf2tensorrt/utils/py_utils.cc:38] TF-TRT Warning: Could not find TensorRT
2026-05-19 15:07:10.675849: I external/local_xla/xla/stream_executor/cuda/cuda_executor.cc:901] successful NUMA node read from SysFS had negative value (-1), but there must be at least one NUMA node, so returning NUMA node zero. See more at https://github.com/torvalds/linux/blob/v6.0/Documentation/ABI/testing/sysfs-bus-pci#L344-L355
2026-05-19 15:07:10.730070: I external/local_xla/xla/stream_executor/cuda/cuda_executor.cc:901] successful NUMA node read from SysFS had negative value (-1), but there must be at least one NUMA node, so returning NUMA node zero. See more at https://github.com/torvalds/linux/blob/v6.0/Documentation/ABI/testing/sysfs-bus-pci#L344-L355
2026-05-19 15:07:10.730316: I external/local_xla/xla/stream_executor/cuda/cuda_executor.cc:901] successful NUMA node read from SysFS had negative value (-1), but there must be at least one NUMA node, so returning NUMA node zero. See more at https://github.com/torvalds/linux/blob/v6.0/Documentation/ABI/testing/sysfs-bus-pci#L344-L355
2026-05-19 15:07:10.732076: I external/local_xla/xla/stream_executor/cuda/cuda_executor.cc:901] successful NUMA node read from SysFS had negative value (-1), but there must be at least one NUMA node, so returning NUMA node zero. See more at https://github.com/torvalds/linux/blob/v6.0/Documentation/ABI/testing/sysfs-bus-pci#L344-L355
2026-05-19 15:07:10.732270: I external/local_xla/xla/stream_executor/cuda/cuda_executor.cc:901] successful NUMA node read from SysFS had negative value (-1), but there must be at least one NUMA node, so returning NUMA node zero. See more at https://github.com/torvalds/linux/blob/v6.0/Documentation/ABI/testing/sysfs-bus-pci#L344-L355
2026-05-19 15:07:10.732450: I external/local_xla/xla/stream_executor/cuda/cuda_executor.cc:901] successful NUMA node read from SysFS had negative value (-1), but there must be at least one NUMA node, so returning NUMA node zero. See more at https://github.com/torvalds/linux/blob/v6.0/Documentation/ABI/testing/sysfs-bus-pci#L344-L355
2026-05-19 15:07:10.814040: I external/local_xla/xla/stream_executor/cuda/cuda_executor.cc:901] successful NUMA node read from SysFS had negative value (-1), but there must be at least one NUMA node, so returning NUMA node zero. See more at https://github.com/torvalds/linux/blob/v6.0/Documentation/ABI/testing/sysfs-bus-pci#L344-L355
2026-05-19 15:07:10.814251: I external/local_xla/xla/stream_executor/cuda/cuda_executor.cc:901] successful NUMA node read from SysFS had negative value (-1), but there must be at least one NUMA node, so returning NUMA node zero. See more at https://github.com/torvalds/linux/blob/v6.0/Documentation/ABI/testing/sysfs-bus-pci#L344-L355
2026-05-19 15:07:10.814452: I external/local_xla/xla/stream_executor/cuda/cuda_executor.cc:901] successful NUMA node read from SysFS had negative value (-1), but there must be at least one NUMA node, so returning NUMA node zero. See more at https://github.com/torvalds/linux/blob/v6.0/Documentation/ABI/testing/sysfs-bus-pci#L344-L355
2026-05-19 15:07:10.814672: I tensorflow/core/common_runtime/gpu/gpu_device.cc:1929] Created device /job:localhost/replica:0/task:0/device:GPU:0 with 17694 MB memory:  -> device: 0, name: NVIDIA RTX A6000, pci bus id: 0000:2e:00.0, compute capability: 8.6
2026-05-19 15:07:13.007049: I external/local_xla/xla/stream_executor/cuda/cuda_dnn.cc:454] Loaded cuDNN version 8907
2026-05-19 15:07:17.710877: I external/local_xla/xla/service/service.cc:168] XLA service 0x5883bacb65e0 initialized for platform CUDA (this does not guarantee that XLA will be used). Devices:
2026-05-19 15:07:17.710899: I external/local_xla/xla/service/service.cc:176]   StreamExecutor device (0): NVIDIA RTX A6000, Compute Capability 8.6
2026-05-19 15:07:17.714015: I tensorflow/compiler/mlir/tensorflow/utils/dump_mlir_util.cc:269] disabling MLIR crash reproducer, set env var `MLIR_CRASH_REPRODUCER_DIRECTORY` to enable.
WARNING: All log messages before absl::InitializeLog() is called are written to STDERR
I0000 00:00:1779217637.783655 2834731 device_compiler.h:186] Compiled cluster using XLA!  This line is logged at most once for the lifetime of the process.
Loaded pretrained weights from weights-qQ_Method_initial
Stage 2: Fine-tuning for 4000 iterations
Batch size: 2560, LR: 0.0001, SNR range: [20, 25]
  Iter 0/4000  Loss: 9.1929E-01  PAR: 0.0329  BCE: 8.1240  Eval BER@20dB: 0.1607
    -> Saved best weights (BER=0.1607, BCE=8.1240, Loss=9.1929E-01, PAR=0.0329)
  Iter 50/4000  Loss: 8.0761E-01  PAR: 0.0350  BCE: 12.8035  Eval BER@20dB: 0.1393
    -> Saved best weights (BER=0.1393, BCE=12.8035, Loss=8.0761E-01, PAR=0.0350)
  Iter 100/4000  Loss: 2.3413E+00  PAR: 0.0342  BCE: 24.7106  Eval BER@20dB: 0.1471
  Iter 150/4000  Loss: 3.0477E-01  PAR: 0.0312  BCE: 12.2011  Eval BER@20dB: 0.1456
    -> Saved best weights (BER=0.1456, BCE=12.2011, Loss=3.0477E-01, PAR=0.0312)
  Iter 200/4000  Loss: 1.0159E+00  PAR: 0.0313  BCE: 25.4601  Eval BER@20dB: 0.1552
  Iter 250/4000  Loss: -3.9407E-01  PAR: 0.0283  BCE: 11.2526  Eval BER@20dB: 0.1594
    -> Saved best weights (BER=0.1594, BCE=11.2526, Loss=-3.9407E-01, PAR=0.0283)
  Iter 300/4000  Loss: -3.4436E-01  PAR: 0.0284  BCE: 17.8191  Eval BER@20dB: 0.1730
  Iter 350/4000  Loss: -9.0813E-01  PAR: 0.0236  BCE: 13.2577  Eval BER@20dB: 0.1699
    -> Saved best weights (BER=0.1699, BCE=13.2577, Loss=-9.0813E-01, PAR=0.0236)
  Iter 400/4000  Loss: -1.2361E+00  PAR: 0.0226  BCE: 16.9970  Eval BER@20dB: 0.1806
    -> Saved best weights (BER=0.1806, BCE=16.9970, Loss=-1.2361E+00, PAR=0.0226)
  Iter 450/4000  Loss: -1.4203E+00  PAR: 0.0188  BCE: 12.1240  Eval BER@20dB: 0.1719
    -> Saved best weights (BER=0.1719, BCE=12.1240, Loss=-1.4203E+00, PAR=0.0188)
  Iter 500/4000  Loss: -1.0697E+00  PAR: 0.0184  BCE: 13.9224  Eval BER@20dB: 0.1924
  Iter 550/4000  Loss: -1.5981E+00  PAR: 0.0146  BCE: 14.5411  Eval BER@20dB: 0.1918
    -> Saved best weights (BER=0.1918, BCE=14.5411, Loss=-1.5981E+00, PAR=0.0146)
  Iter 600/4000  Loss: -1.9638E+00  PAR: 0.0120  BCE: 24.6566  Eval BER@20dB: 0.1906
    -> Saved best weights (BER=0.1906, BCE=24.6566, Loss=-1.9638E+00, PAR=0.0120)
  Iter 650/4000  Loss: -2.2519E+00  PAR: 0.0112  BCE: 17.9984  Eval BER@20dB: 0.1956
    -> Saved best weights (BER=0.1956, BCE=17.9984, Loss=-2.2519E+00, PAR=0.0112)
  Iter 700/4000  Loss: -2.6450E+00  PAR: 0.0096  BCE: 13.6950  Eval BER@20dB: 0.1901
    -> Saved best weights (BER=0.1901, BCE=13.6950, Loss=-2.6450E+00, PAR=0.0096)
  Iter 750/4000  Loss: -2.4362E+00  PAR: 0.0080  BCE: 18.1743  Eval BER@20dB: 0.1902
  Iter 800/4000  Loss: -2.5581E+00  PAR: 0.0063  BCE: 20.1138  Eval BER@20dB: 0.2024
  Iter 850/4000  Loss: -2.2090E+00  PAR: 0.0036  BCE: 28.3249  Eval BER@20dB: 0.1883
  Iter 900/4000  Loss: -2.3806E+00  PAR: 0.0008  BCE: 30.4093  Eval BER@20dB: 0.1928
  Iter 950/4000  Loss: -2.2685E+00  PAR: 0.0002  BCE: 29.6429  Eval BER@20dB: 0.1935
  Iter 1000/4000  Loss: -3.2374E+00  PAR: 0.0001  BCE: 15.5810  Eval BER@20dB: 0.1842
    -> Saved best weights (BER=0.1842, BCE=15.5810, Loss=-3.2374E+00, PAR=0.0001)
  Iter 1050/4000  Loss: -2.8706E+00  PAR: 0.0001  BCE: 27.3673  Eval BER@20dB: 0.1891
  Iter 1100/4000  Loss: -3.3634E+00  PAR: 0.0002  BCE: 11.1373  Eval BER@20dB: 0.1839
    -> Saved best weights (BER=0.1839, BCE=11.1373, Loss=-3.3634E+00, PAR=0.0002)
  Iter 1150/4000  Loss: -2.5030E+00  PAR: 0.0001  BCE: 28.8981  Eval BER@20dB: 0.1896
  Iter 1200/4000  Loss: 1.4291E+01  PAR: 0.0027  BCE: 25.6710  Eval BER@20dB: 0.2452
  Iter 1250/4000  Loss: -1.4042E-01  PAR: 0.0001  BCE: 38.4437  Eval BER@20dB: 0.2419
  Iter 1300/4000  Loss: -7.8662E-01  PAR: 0.0000  BCE: 48.0976  Eval BER@20dB: 0.2504
  Iter 1350/4000  Loss: -2.6162E+00  PAR: 0.0000  BCE: 24.1737  Eval BER@20dB: 0.2614
  Iter 1400/4000  Loss: -2.4314E+00  PAR: 0.0000  BCE: 36.9625  Eval BER@20dB: 0.2622
  Iter 1450/4000  Loss: -2.9351E+00  PAR: 0.0000  BCE: 20.1492  Eval BER@20dB: 0.2572
  Iter 1500/4000  Loss: -3.1075E+00  PAR: 0.0000  BCE: 18.5108  Eval BER@20dB: 0.2500
  Iter 1550/4000  Loss: -3.0900E+00  PAR: 0.0000  BCE: 19.6914  Eval BER@20dB: 0.2544
  Iter 1600/4000  Loss: -2.9467E+00  PAR: 0.0000  BCE: 19.2842  Eval BER@20dB: 0.2440
  Iter 1650/4000  Loss: -2.8651E+00  PAR: 0.0000  BCE: 25.9604  Eval BER@20dB: 0.2447
  Iter 1700/4000  Loss: -2.3152E+00  PAR: 0.0000  BCE: 38.9371  Eval BER@20dB: 0.2427
  Iter 1750/4000  Loss: -2.6819E+00  PAR: 0.0000  BCE: 28.7063  Eval BER@20dB: 0.2421
  Iter 1800/4000  Loss: -3.2927E+00  PAR: 0.0000  BCE: 17.2032  Eval BER@20dB: 0.2420
  Iter 1850/4000  Loss: -2.8338E+00  PAR: 0.0000  BCE: 28.8838  Eval BER@20dB: 0.2338
  Iter 1900/4000  Loss: -2.5750E+00  PAR: 0.0000  BCE: 34.3177  Eval BER@20dB: 0.2289
  Iter 1950/4000  Loss: -2.9033E+00  PAR: 0.0000  BCE: 25.0407  Eval BER@20dB: 0.2302
  Iter 2000/4000  Loss: -3.2982E+00  PAR: 0.0000  BCE: 18.1417  Eval BER@20dB: 0.2259
  Iter 2050/4000  Loss: -2.4444E+00  PAR: 0.0000  BCE: 38.6899  Eval BER@20dB: 0.2221
  Iter 2100/4000  Loss: -3.4532E+00  PAR: 0.0000  BCE: 12.8361  Eval BER@20dB: 0.2205
    -> Saved best weights (BER=0.2205, BCE=12.8361, Loss=-3.4532E+00, PAR=0.0000)
  Iter 2150/4000  Loss: -3.0547E+00  PAR: 0.0000  BCE: 19.1596  Eval BER@20dB: 0.2262
  Iter 2200/4000  Loss: -2.8737E+00  PAR: 0.0000  BCE: 22.5924  Eval BER@20dB: 0.2193
  Iter 2250/4000  Loss: -3.2863E+00  PAR: 0.0000  BCE: 14.8843  Eval BER@20dB: 0.2099
  Iter 2300/4000  Loss: -2.8812E+00  PAR: 0.0000  BCE: 26.6257  Eval BER@20dB: 0.2235
  Iter 2350/4000  Loss: -3.3558E+00  PAR: 0.0000  BCE: 15.3970  Eval BER@20dB: 0.2078
  Iter 2400/4000  Loss: -3.1586E+00  PAR: 0.0000  BCE: 22.4045  Eval BER@20dB: 0.2093
  Iter 2450/4000  Loss: -3.3976E+00  PAR: 0.0000  BCE: 16.5338  Eval BER@20dB: 0.2047
  Iter 2500/4000  Loss: -2.4507E+00  PAR: 0.0000  BCE: 33.4839  Eval BER@20dB: 0.2082
  Iter 2550/4000  Loss: -3.0707E+00  PAR: 0.0000  BCE: 20.4436  Eval BER@20dB: 0.2015
  Iter 2600/4000  Loss: -2.7150E+00  PAR: 0.0000  BCE: 19.6480  Eval BER@20dB: 0.2127
  Iter 2650/4000  Loss: -3.4046E+00  PAR: 0.0000  BCE: 16.7816  Eval BER@20dB: 0.2055
  Iter 2700/4000  Loss: -3.0014E+00  PAR: 0.0000  BCE: 24.5133  Eval BER@20dB: 0.2014
  Iter 2750/4000  Loss: -3.4213E+00  PAR: 0.0000  BCE: 14.4501  Eval BER@20dB: 0.2019
  Iter 2800/4000  Loss: -2.9619E+00  PAR: 0.0000  BCE: 24.1323  Eval BER@20dB: 0.2064
  Iter 2850/4000  Loss: -3.3927E+00  PAR: 0.0000  BCE: 11.2754  Eval BER@20dB: 0.1996
  Iter 2900/4000  Loss: -3.1468E+00  PAR: 0.0000  BCE: 22.1023  Eval BER@20dB: 0.1991
  Iter 2950/4000  Loss: -2.6934E+00  PAR: 0.0000  BCE: 31.6216  Eval BER@20dB: 0.2080
  Iter 3000/4000  Loss: -2.8462E+00  PAR: 0.0000  BCE: 26.9220  Eval BER@20dB: 0.1966
  Iter 3050/4000  Loss: -3.1424E+00  PAR: 0.0000  BCE: 19.3802  Eval BER@20dB: 0.2067
  Iter 3100/4000  Loss: -3.6103E+00  PAR: 0.0000  BCE: 11.4296  Eval BER@20dB: 0.2004
    -> Saved best weights (BER=0.2004, BCE=11.4296, Loss=-3.6103E+00, PAR=0.0000)
  Iter 3150/4000  Loss: -2.9760E+00  PAR: 0.0000  BCE: 23.8807  Eval BER@20dB: 0.1961
  Iter 3200/4000  Loss: -3.3865E+00  PAR: 0.0000  BCE: 10.9096  Eval BER@20dB: 0.1955
  Iter 3250/4000  Loss: -3.2774E+00  PAR: 0.0000  BCE: 19.0801  Eval BER@20dB: 0.1936
  Iter 3300/4000  Loss: -3.3753E+00  PAR: 0.0000  BCE: 15.5184  Eval BER@20dB: 0.1940
  Iter 3350/4000  Loss: -3.2098E+00  PAR: 0.0000  BCE: 21.6864  Eval BER@20dB: 0.1908
  Iter 3400/4000  Loss: -3.0883E+00  PAR: 0.0000  BCE: 22.6870  Eval BER@20dB: 0.1939
  Iter 3450/4000  Loss: -3.7020E+00  PAR: 0.0000  BCE: 10.1532  Eval BER@20dB: 0.1962
    -> Saved best weights (BER=0.1962, BCE=10.1532, Loss=-3.7020E+00, PAR=0.0000)
  Iter 3500/4000  Loss: -3.2329E+00  PAR: 0.0000  BCE: 16.4375  Eval BER@20dB: 0.1971
  Iter 3550/4000  Loss: -3.3389E+00  PAR: 0.0000  BCE: 16.3490  Eval BER@20dB: 0.1939
  Iter 3600/4000  Loss: -3.4568E+00  PAR: 0.0000  BCE: 13.7809  Eval BER@20dB: 0.1960
  Iter 3650/4000  Loss: -3.8042E+00  PAR: 0.0000  BCE: 10.9735  Eval BER@20dB: 0.1958
    -> Saved best weights (BER=0.1958, BCE=10.9735, Loss=-3.8042E+00, PAR=0.0000)
  Iter 3700/4000  Loss: -3.2831E+00  PAR: 0.0000  BCE: 18.0214  Eval BER@20dB: 0.1914
  Iter 3750/4000  Loss: -3.3913E+00  PAR: 0.0000  BCE: 16.2414  Eval BER@20dB: 0.1832
  Iter 3800/4000  Loss: -3.2220E+00  PAR: 0.0000  BCE: 19.6413  Eval BER@20dB: 0.1966
  Iter 3850/4000  Loss: -2.6865E+00  PAR: 0.0000  BCE: 30.5284  Eval BER@20dB: 0.1910
  Iter 3900/4000  Loss: -3.1019E+00  PAR: 0.0000  BCE: 16.7181  Eval BER@20dB: 0.1952
  Iter 3950/4000  Loss: -3.0142E+00  PAR: 0.0000  BCE: 26.2914  Eval BER@20dB: 0.1866
Stage 2 complete. Best Loss: -3.8042E+00, Best PAR: 0.0000, Best BER@20dB: 0.1958, Best BCE: 10.9735
Weights saved to: weights-qQ_Method_Stage2
History data saved to: history_stage2.pkl
Training curves saved to: training_curves_stage2.png
[2026-05-19 15:40:53] ========== train_stage2 completed ==========
[2026-05-19 15:40:53] ========== Starting train_stage3 ==========
2026-05-19 15:40:53.402254: E external/local_xla/xla/stream_executor/cuda/cuda_dnn.cc:9261] Unable to register cuDNN factory: Attempting to register factory for plugin cuDNN when one has already been registered
2026-05-19 15:40:53.402282: E external/local_xla/xla/stream_executor/cuda/cuda_fft.cc:607] Unable to register cuFFT factory: Attempting to register factory for plugin cuFFT when one has already been registered
2026-05-19 15:40:53.403265: E external/local_xla/xla/stream_executor/cuda/cuda_blas.cc:1515] Unable to register cuBLAS factory: Attempting to register factory for plugin cuBLAS when one has already been registered
2026-05-19 15:40:53.408053: I tensorflow/core/platform/cpu_feature_guard.cc:182] This TensorFlow binary is optimized to use available CPU instructions in performance-critical operations.
To enable the following instructions: AVX2 FMA, in other operations, rebuild TensorFlow with the appropriate compiler flags.
2026-05-19 15:40:53.917969: W tensorflow/compiler/tf2tensorrt/utils/py_utils.cc:38] TF-TRT Warning: Could not find TensorRT
2026-05-19 15:40:54.687922: I external/local_xla/xla/stream_executor/cuda/cuda_executor.cc:901] successful NUMA node read from SysFS had negative value (-1), but there must be at least one NUMA node, so returning NUMA node zero. See more at https://github.com/torvalds/linux/blob/v6.0/Documentation/ABI/testing/sysfs-bus-pci#L344-L355
2026-05-19 15:40:54.742597: I external/local_xla/xla/stream_executor/cuda/cuda_executor.cc:901] successful NUMA node read from SysFS had negative value (-1), but there must be at least one NUMA node, so returning NUMA node zero. See more at https://github.com/torvalds/linux/blob/v6.0/Documentation/ABI/testing/sysfs-bus-pci#L344-L355
2026-05-19 15:40:54.742840: I external/local_xla/xla/stream_executor/cuda/cuda_executor.cc:901] successful NUMA node read from SysFS had negative value (-1), but there must be at least one NUMA node, so returning NUMA node zero. See more at https://github.com/torvalds/linux/blob/v6.0/Documentation/ABI/testing/sysfs-bus-pci#L344-L355
2026-05-19 15:40:54.744777: I external/local_xla/xla/stream_executor/cuda/cuda_executor.cc:901] successful NUMA node read from SysFS had negative value (-1), but there must be at least one NUMA node, so returning NUMA node zero. See more at https://github.com/torvalds/linux/blob/v6.0/Documentation/ABI/testing/sysfs-bus-pci#L344-L355
2026-05-19 15:40:54.744969: I external/local_xla/xla/stream_executor/cuda/cuda_executor.cc:901] successful NUMA node read from SysFS had negative value (-1), but there must be at least one NUMA node, so returning NUMA node zero. See more at https://github.com/torvalds/linux/blob/v6.0/Documentation/ABI/testing/sysfs-bus-pci#L344-L355
2026-05-19 15:40:54.745146: I external/local_xla/xla/stream_executor/cuda/cuda_executor.cc:901] successful NUMA node read from SysFS had negative value (-1), but there must be at least one NUMA node, so returning NUMA node zero. See more at https://github.com/torvalds/linux/blob/v6.0/Documentation/ABI/testing/sysfs-bus-pci#L344-L355
2026-05-19 15:40:54.850487: I external/local_xla/xla/stream_executor/cuda/cuda_executor.cc:901] successful NUMA node read from SysFS had negative value (-1), but there must be at least one NUMA node, so returning NUMA node zero. See more at https://github.com/torvalds/linux/blob/v6.0/Documentation/ABI/testing/sysfs-bus-pci#L344-L355
2026-05-19 15:40:54.850706: I external/local_xla/xla/stream_executor/cuda/cuda_executor.cc:901] successful NUMA node read from SysFS had negative value (-1), but there must be at least one NUMA node, so returning NUMA node zero. See more at https://github.com/torvalds/linux/blob/v6.0/Documentation/ABI/testing/sysfs-bus-pci#L344-L355
2026-05-19 15:40:54.850893: I external/local_xla/xla/stream_executor/cuda/cuda_executor.cc:901] successful NUMA node read from SysFS had negative value (-1), but there must be at least one NUMA node, so returning NUMA node zero. See more at https://github.com/torvalds/linux/blob/v6.0/Documentation/ABI/testing/sysfs-bus-pci#L344-L355
2026-05-19 15:40:54.851049: I tensorflow/core/common_runtime/gpu/gpu_device.cc:1929] Created device /job:localhost/replica:0/task:0/device:GPU:0 with 17694 MB memory:  -> device: 0, name: NVIDIA RTX A6000, pci bus id: 0000:2e:00.0, compute capability: 8.6
2026-05-19 15:40:57.456520: I external/local_xla/xla/stream_executor/cuda/cuda_dnn.cc:454] Loaded cuDNN version 8907
2026-05-19 15:41:09.487695: I external/local_xla/xla/service/service.cc:168] XLA service 0x7122c177b0d0 initialized for platform CUDA (this does not guarantee that XLA will be used). Devices:
2026-05-19 15:41:09.487725: I external/local_xla/xla/service/service.cc:176]   StreamExecutor device (0): NVIDIA RTX A6000, Compute Capability 8.6
2026-05-19 15:41:09.494010: I tensorflow/compiler/mlir/tensorflow/utils/dump_mlir_util.cc:269] disabling MLIR crash reproducer, set env var `MLIR_CRASH_REPRODUCER_DIRECTORY` to enable.
WARNING: All log messages before absl::InitializeLog() is called are written to STDERR
I0000 00:00:1779219669.576084 2906784 device_compiler.h:186] Compiled cluster using XLA!  This line is logged at most once for the lifetime of the process.
Loaded weights from weights-qQ_Method_Stage2
Stage 3: Extended fine-tuning for up to 20000 iterations
Batch size: 2560, LR: 0.0005, SNR range: [10, 25]
  Iter 0/20000  Loss: -4.1848E+00  Eval BER@20dB: 0.28563
    -> Saved best weights (BER=0.28563)
  Iter 200/20000  Loss: -3.7367E+00  Eval BER@20dB: 0.28256
    -> Saved best weights (BER=0.28256)
  Iter 400/20000  Loss: -4.3126E+00  Eval BER@20dB: 0.25693
    -> Saved best weights (BER=0.25693)
  Iter 600/20000  Loss: -1.7809E+00  Eval BER@20dB: 0.24116
    -> Saved best weights (BER=0.24116)
  Iter 800/20000  Loss: -3.9173E+00  Eval BER@20dB: 0.22685
    -> Saved best weights (BER=0.22685)
  Iter 1000/20000  Loss: -4.1530E+00  Eval BER@20dB: 0.23105
  Iter 1200/20000  Loss: -4.6123E+00  Eval BER@20dB: 0.20980
    -> Saved best weights (BER=0.20980)
  Iter 1400/20000  Loss: -3.6764E+00  Eval BER@20dB: 0.19868
    -> Saved best weights (BER=0.19868)
  Iter 1600/20000  Loss: -4.5334E+00  Eval BER@20dB: 0.18414
    -> Saved best weights (BER=0.18414)
  Iter 1800/20000  Loss: -3.5488E+00  Eval BER@20dB: 0.17786
    -> Saved best weights (BER=0.17786)
  Iter 2000/20000  Loss: -2.0716E+00  Eval BER@20dB: 0.18010
  Iter 2200/20000  Loss: -4.9790E+00  Eval BER@20dB: 0.16982
    -> Saved best weights (BER=0.16982)
  Iter 2400/20000  Loss: -5.2250E+00  Eval BER@20dB: 0.16074
    -> Saved best weights (BER=0.16074)
  Iter 2600/20000  Loss: -5.1955E+00  Eval BER@20dB: 0.15502
    -> Saved best weights (BER=0.15502)
  Iter 2800/20000  Loss: -5.5484E+00  Eval BER@20dB: 0.13701
    -> Saved best weights (BER=0.13701)
  Iter 3000/20000  Loss: -4.3011E+00  Eval BER@20dB: 0.13782
  Iter 3200/20000  Loss: -5.6597E+00  Eval BER@20dB: 0.12372
    -> Saved best weights (BER=0.12372)
  Iter 3400/20000  Loss: -5.0970E+00  Eval BER@20dB: 0.12577
  Iter 3600/20000  Loss: -5.8430E+00  Eval BER@20dB: 0.11182
    -> Saved best weights (BER=0.11182)
  Iter 3800/20000  Loss: -6.0243E+00  Eval BER@20dB: 0.11424
  Iter 4000/20000  Loss: -6.0974E+00  Eval BER@20dB: 0.10778
    -> Saved best weights (BER=0.10778)
  Iter 4200/20000  Loss: -5.8402E+00  Eval BER@20dB: 0.10089
    -> Saved best weights (BER=0.10089)
  Iter 4400/20000  Loss: -6.1661E+00  Eval BER@20dB: 0.09570
    -> Saved best weights (BER=0.09570)
  Iter 4600/20000  Loss: -6.1608E+00  Eval BER@20dB: 0.09222
    -> Saved best weights (BER=0.09222)
  Iter 4800/20000  Loss: -4.4133E+00  Eval BER@20dB: 0.08984
    -> Saved best weights (BER=0.08984)
  Iter 5000/20000  Loss: -6.3398E+00  Eval BER@20dB: 0.08786
    -> Saved best weights (BER=0.08786)
  Iter 5200/20000  Loss: -5.3720E+00  Eval BER@20dB: 0.08283
    -> Saved best weights (BER=0.08283)
  Iter 5400/20000  Loss: -4.4577E+00  Eval BER@20dB: 0.08175
    -> Saved best weights (BER=0.08175)
  Iter 5600/20000  Loss: -5.6878E+00  Eval BER@20dB: 0.07630
    -> Saved best weights (BER=0.07630)
  Iter 5800/20000  Loss: -5.1545E+00  Eval BER@20dB: 0.07493
    -> Saved best weights (BER=0.07493)
  Iter 6000/20000  Loss: -5.7472E+00  Eval BER@20dB: 0.07741
  Iter 6200/20000  Loss: -6.7064E+00  Eval BER@20dB: 0.07260
    -> Saved best weights (BER=0.07260)
  Iter 6400/20000  Loss: -6.7455E+00  Eval BER@20dB: 0.06440
    -> Saved best weights (BER=0.06440)
  Iter 6600/20000  Loss: -6.6123E+00  Eval BER@20dB: 0.07228
  Iter 6800/20000  Loss: -5.8145E+00  Eval BER@20dB: 0.06520
  Iter 7000/20000  Loss: -6.5372E+00  Eval BER@20dB: 0.07099
  Iter 7200/20000  Loss: -6.7988E+00  Eval BER@20dB: 0.06160
    -> Saved best weights (BER=0.06160)
  Iter 7400/20000  Loss: -6.8561E+00  Eval BER@20dB: 0.05967
    -> Saved best weights (BER=0.05967)
  Iter 7600/20000  Loss: -6.9974E+00  Eval BER@20dB: 0.05388
    -> Saved best weights (BER=0.05388)
  Iter 7800/20000  Loss: -6.4371E+00  Eval BER@20dB: 0.05438
  Iter 8000/20000  Loss: -6.3605E+00  Eval BER@20dB: 0.05365
    -> Saved best weights (BER=0.05365)
  Iter 8200/20000  Loss: -6.9525E+00  Eval BER@20dB: 0.05531
  Iter 8400/20000  Loss: -6.7625E+00  Eval BER@20dB: 0.05482
  Iter 8600/20000  Loss: -6.9772E+00  Eval BER@20dB: 0.05533
  Iter 8800/20000  Loss: -5.4851E+00  Eval BER@20dB: 0.04520
    -> Saved best weights (BER=0.04520)
  Iter 9000/20000  Loss: -7.1246E+00  Eval BER@20dB: 0.04548
  Iter 9200/20000  Loss: -6.3075E+00  Eval BER@20dB: 0.04735
  Iter 9400/20000  Loss: -6.4986E+00  Eval BER@20dB: 0.04776
  Iter 9600/20000  Loss: -6.3867E+00  Eval BER@20dB: 0.04291
    -> Saved best weights (BER=0.04291)
  Iter 9800/20000  Loss: -5.3957E+00  Eval BER@20dB: 0.04060
    -> Saved best weights (BER=0.04060)
  Iter 10000/20000  Loss: -6.8907E+00  Eval BER@20dB: 0.04299
  Iter 10200/20000  Loss: -5.4164E+00  Eval BER@20dB: 0.04298
  Iter 10400/20000  Loss: -6.8896E+00  Eval BER@20dB: 0.04646
  Iter 10600/20000  Loss: -6.9890E+00  Eval BER@20dB: 0.04224
  Iter 10800/20000  Loss: -7.0545E+00  Eval BER@20dB: 0.03906
    -> Saved best weights (BER=0.03906)
  Iter 11000/20000  Loss: -6.5838E+00  Eval BER@20dB: 0.03748
    -> Saved best weights (BER=0.03748)
  Iter 11200/20000  Loss: -7.4135E+00  Eval BER@20dB: 0.03951
  Iter 11400/20000  Loss: -6.9828E+00  Eval BER@20dB: 0.03660
    -> Saved best weights (BER=0.03660)
  Iter 11600/20000  Loss: -6.5845E+00  Eval BER@20dB: 0.04019
  Iter 11800/20000  Loss: -6.5976E+00  Eval BER@20dB: 0.03936
  Iter 12000/20000  Loss: -7.3129E+00  Eval BER@20dB: 0.03870
  Iter 12200/20000  Loss: -7.4452E+00  Eval BER@20dB: 0.03654
    -> Saved best weights (BER=0.03654)
  Iter 12400/20000  Loss: -6.6371E+00  Eval BER@20dB: 0.03691
  Iter 12600/20000  Loss: -7.4287E+00  Eval BER@20dB: 0.03392
    -> Saved best weights (BER=0.03392)
  Iter 12800/20000  Loss: -5.3906E+00  Eval BER@20dB: 0.03524
  Iter 13000/20000  Loss: -7.4285E+00  Eval BER@20dB: 0.03404
  Iter 13200/20000  Loss: -6.4829E+00  Eval BER@20dB: 0.03140
    -> Saved best weights (BER=0.03140)
  Iter 13400/20000  Loss: -7.2158E+00  Eval BER@20dB: 0.03489
  Iter 13600/20000  Loss: -6.6331E+00  Eval BER@20dB: 0.03401
  Iter 13800/20000  Loss: -7.1412E+00  Eval BER@20dB: 0.03346
  Iter 14000/20000  Loss: -7.4832E+00  Eval BER@20dB: 0.03047
    -> Saved best weights (BER=0.03047)
  Iter 14200/20000  Loss: -6.6496E+00  Eval BER@20dB: 0.02999
    -> Saved best weights (BER=0.02999)
  Iter 14400/20000  Loss: -7.0565E+00  Eval BER@20dB: 0.03055
  Iter 14600/20000  Loss: -5.9848E+00  Eval BER@20dB: 0.02943
    -> Saved best weights (BER=0.02943)
  Iter 14800/20000  Loss: -7.4064E+00  Eval BER@20dB: 0.03138
  Iter 15000/20000  Loss: -7.5005E+00  Eval BER@20dB: 0.02990
  Iter 15200/20000  Loss: -6.6997E+00  Eval BER@20dB: 0.02997
  Iter 15400/20000  Loss: -7.1927E+00  Eval BER@20dB: 0.02839
    -> Saved best weights (BER=0.02839)
  Iter 15600/20000  Loss: -6.1575E+00  Eval BER@20dB: 0.02849
  Iter 15800/20000  Loss: -7.3709E+00  Eval BER@20dB: 0.02817
    -> Saved best weights (BER=0.02817)
  Iter 16000/20000  Loss: -6.7820E+00  Eval BER@20dB: 0.02599
    -> Saved best weights (BER=0.02599)
  Iter 16200/20000  Loss: -6.4983E+00  Eval BER@20dB: 0.02610
  Iter 16400/20000  Loss: -7.5178E+00  Eval BER@20dB: 0.02655
  Iter 16600/20000  Loss: -7.6311E+00  Eval BER@20dB: 0.02599
  Iter 16800/20000  Loss: -7.3036E+00  Eval BER@20dB: 0.02545
    -> Saved best weights (BER=0.02545)
  Iter 17000/20000  Loss: -7.6353E+00  Eval BER@20dB: 0.02493
    -> Saved best weights (BER=0.02493)
  Iter 17200/20000  Loss: -7.5059E+00  Eval BER@20dB: 0.02484
    -> Saved best weights (BER=0.02484)
  Iter 17400/20000  Loss: -7.7576E+00  Eval BER@20dB: 0.02470
    -> Saved best weights (BER=0.02470)
  Iter 17600/20000  Loss: -7.6366E+00  Eval BER@20dB: 0.02442
    -> Saved best weights (BER=0.02442)
  Iter 17800/20000  Loss: -7.6594E+00  Eval BER@20dB: 0.02259
    -> Saved best weights (BER=0.02259)
  Iter 18000/20000  Loss: -7.7166E+00  Eval BER@20dB: 0.02252
    -> Saved best weights (BER=0.02252)
  Iter 18200/20000  Loss: -7.3396E+00  Eval BER@20dB: 0.02249
    -> Saved best weights (BER=0.02249)
  Iter 18400/20000  Loss: -6.4185E+00  Eval BER@20dB: 0.02123
    -> Saved best weights (BER=0.02123)
  Iter 18600/20000  Loss: -7.6484E+00  Eval BER@20dB: 0.02093
    -> Saved best weights (BER=0.02093)
  Iter 18800/20000  Loss: -6.5513E+00  Eval BER@20dB: 0.02370
  Iter 19000/20000  Loss: -7.1779E+00  Eval BER@20dB: 0.02302
  Iter 19200/20000  Loss: -7.8086E+00  Eval BER@20dB: 0.02038
    -> Saved best weights (BER=0.02038)
  Iter 19400/20000  Loss: -7.8253E+00  Eval BER@20dB: 0.01978
    -> Saved best weights (BER=0.01978)
  Iter 19600/20000  Loss: -7.7985E+00  Eval BER@20dB: 0.02029
  Iter 19800/20000  Loss: -6.8384E+00  Eval BER@20dB: 0.01848
    -> Saved best weights (BER=0.01848)
Stage 3 complete. Best BER@20dB: 0.01848
[2026-05-19 17:20:44] ========== train_stage3 completed ==========
[2026-05-19 17:20:44] All stages completed.
